2025-07-02 14:50:41,736 [INFO] Preparing data...
2025-07-02 14:50:41,807 [INFO] Starting training...
2025-07-02 14:50:46,526 [INFO] Epoch 1/25 - Loss: 589.1349
2025-07-02 14:50:51,171 [INFO] Epoch 2/25 - Loss: 464.6132
2025-07-02 14:50:55,816 [INFO] Epoch 3/25 - Loss: 410.4984
2025-07-02 14:51:00,461 [INFO] Epoch 4/25 - Loss: 387.3099
2025-07-02 14:51:05,103 [INFO] Epoch 5/25 - Loss: 375.1918
2025-07-02 14:51:09,746 [INFO] Epoch 6/25 - Loss: 364.1503
2025-07-02 14:51:14,380 [INFO] Epoch 7/25 - Loss: 350.9186
2025-07-02 14:51:19,027 [INFO] Epoch 8/25 - Loss: 345.4506
2025-07-02 14:51:23,668 [INFO] Epoch 9/25 - Loss: 340.8469
2025-07-02 14:51:28,315 [INFO] Epoch 10/25 - Loss: 336.9296
2025-07-02 14:51:32,956 [INFO] Epoch 11/25 - Loss: 334.1317
2025-07-02 14:51:37,602 [INFO] Epoch 12/25 - Loss: 332.3263
2025-07-02 14:51:42,250 [INFO] Epoch 13/25 - Loss: 330.3940
2025-07-02 14:51:46,904 [INFO] Epoch 14/25 - Loss: 327.2787
2025-07-02 14:51:51,545 [INFO] Epoch 15/25 - Loss: 326.2947
2025-07-02 14:51:56,193 [INFO] Epoch 16/25 - Loss: 325.1216
2025-07-02 14:52:00,834 [INFO] Epoch 17/25 - Loss: 323.8918
2025-07-02 14:52:05,473 [INFO] Epoch 18/25 - Loss: 323.6132
2025-07-02 14:52:10,117 [INFO] Epoch 19/25 - Loss: 323.3124
2025-07-02 14:52:14,766 [INFO] Epoch 20/25 - Loss: 320.3815
2025-07-02 14:52:19,418 [INFO] Epoch 21/25 - Loss: 318.3337
2025-07-02 14:52:24,070 [INFO] Epoch 22/25 - Loss: 318.7121
2025-07-02 14:52:28,712 [INFO] Epoch 23/25 - Loss: 317.7154
2025-07-02 14:52:33,360 [INFO] Epoch 24/25 - Loss: 316.4594
2025-07-02 14:52:38,007 [INFO] Epoch 25/25 - Loss: 317.0025
2025-07-02 14:52:38,007 [INFO] Evaluating on test set...
2025-07-02 14:52:39,293 [INFO] Final Accuracy on Test Set: 0.8549
2025-07-02 14:52:39,295 [INFO] Classification Report:
              precision    recall  f1-score   support

     Class 0       0.87      0.86      0.87      8462
     Class 1       0.84      0.85      0.84      7148

    accuracy                           0.85     15610
   macro avg       0.85      0.85      0.85     15610
weighted avg       0.86      0.85      0.85     15610

2025-07-02 15:24:02,771 [INFO] Preparing data...
2025-07-02 15:24:02,834 [INFO] Starting training...
2025-07-02 15:24:07,811 [INFO] Epoch 1/25 - Loss: 490.0246
2025-07-02 15:24:12,353 [INFO] Epoch 2/25 - Loss: 413.6224
2025-07-02 15:24:16,892 [INFO] Epoch 3/25 - Loss: 382.2878
2025-07-02 15:24:21,439 [INFO] Epoch 4/25 - Loss: 370.9320
2025-07-02 15:24:25,984 [INFO] Epoch 5/25 - Loss: 359.3675
2025-07-02 15:24:30,534 [INFO] Epoch 6/25 - Loss: 352.0436
2025-07-02 15:24:35,050 [INFO] Epoch 7/25 - Loss: 346.5987
2025-07-02 15:24:39,566 [INFO] Epoch 8/25 - Loss: 342.9786
2025-07-02 15:24:44,168 [INFO] Epoch 9/25 - Loss: 338.8824
2025-07-02 15:24:48,725 [INFO] Epoch 10/25 - Loss: 336.3884
2025-07-02 15:24:53,279 [INFO] Epoch 11/25 - Loss: 333.6647
2025-07-02 15:24:57,832 [INFO] Epoch 12/25 - Loss: 331.9237
2025-07-02 15:25:02,375 [INFO] Epoch 13/25 - Loss: 330.6675
2025-07-02 15:25:06,923 [INFO] Epoch 14/25 - Loss: 329.7046
2025-07-02 15:25:11,469 [INFO] Epoch 15/25 - Loss: 328.1106
2025-07-02 15:25:16,021 [INFO] Epoch 16/25 - Loss: 326.2923
2025-07-02 15:25:20,580 [INFO] Epoch 17/25 - Loss: 327.1104
2025-07-02 15:25:25,139 [INFO] Epoch 18/25 - Loss: 322.9961
2025-07-02 15:25:29,690 [INFO] Epoch 19/25 - Loss: 321.6606
2025-07-02 15:25:34,239 [INFO] Epoch 20/25 - Loss: 321.9630
2025-07-02 15:25:38,796 [INFO] Epoch 21/25 - Loss: 319.4987
2025-07-02 15:25:43,344 [INFO] Epoch 22/25 - Loss: 320.7590
2025-07-02 15:25:47,900 [INFO] Epoch 23/25 - Loss: 318.5957
2025-07-02 15:25:52,453 [INFO] Epoch 24/25 - Loss: 317.9683
2025-07-02 15:25:57,007 [INFO] Epoch 25/25 - Loss: 317.5862
2025-07-02 15:25:57,008 [INFO] Evaluating on test set...
2025-07-02 15:25:58,165 [INFO] Final Accuracy on Test Set: 0.8426
2025-07-02 15:25:58,166 [INFO] Classification Report:
              precision    recall  f1-score   support

     Class 0       0.86      0.84      0.85      8462
     Class 1       0.82      0.84      0.83      7148

    accuracy                           0.84     15610
   macro avg       0.84      0.84      0.84     15610
weighted avg       0.84      0.84      0.84     15610

